// Jest Snapshot v1, https://goo.gl/fbAQLP

exports[`sets submit button label  1`] = `
<div>
  HelloWorld
</div>
`;
